
interface Vlan1
 no ip address
 shutdown
!
interface Vlan10
 mac-address 00e0.f724.1501
 ip address 192.168.2.0 255.255.0.0
!
ip default-gateway 192.168.2.1
!





access-01#conf te
Enter configuration commands, one per line.  End with CNTL/Z.
access-01(config)#crypto key generate
% Incomplete command.
access-01(config)#crypto key generate rsa
The name for the keys will be: access-01.CISCO
Choose the size of the key modulus in the range of 360 to 2048 for your
  General Purpose Keys. Choosing a key modulus greater than 512 may take
  a few minutes.

How many bits in the modulus [512]: 1024
% Generating 1024 bit RSA keys, keys will be non-exportable...[OK]

access-01(config)#user admin secret admin
*mar. 1 1:17:7.347: %SSH-5-ENABLED: SSH 1.99 has been enabled
access-01(config)#line vty 0 15
access-01(config-line)#transport input ssh
access-01(config-line)#login local
access-01(config-line)#exit
access-01(config)#ip ssh version 2
access-01(config)#
















access-01>ena
access-01#conf te
Enter configuration commands, one per line.  End with CNTL/Z.
access-01(config)#
access-01(config)#username cristian secret cisco
access-01(config)#line vty 0 15
access-01(config-line)#transport input ssh
access-01(config-line)#exit
access-01(config)#enable secret cisco
access-01(config)#line console 0
	
access-01(config-line)#password cisco
access-01(config-line)#login
access-01(config-line)#
access-01(config-line)#exit
access-01(config)#